Running Gradle task 'assembleDebug'...                              8.9s
ΓêÜ Built build\app\outputs\flutter-apk\app-debug.apk
