ERROR|COMPILE_TIME_ERROR|UNDEFINED_IDENTIFIER|D:\\StudioProjects\\telemed_app\\lib\\features\\demographics\\presentation\\demographics_screen.dart|80|34|17|Undefined name 'apiClientProvider'.
ERROR|COMPILE_TIME_ERROR|UNDEFINED_IDENTIFIER|D:\\StudioProjects\\telemed_app\\lib\\features\\demographics\\presentation\\demographics_screen.dart|112|34|17|Undefined name 'apiClientProvider'.
ERROR|COMPILE_TIME_ERROR|UNDEFINED_GETTER|D:\\StudioProjects\\telemed_app\\lib\\features\\demographics\\presentation\\demographics_screen.dart|192|42|7|The getter 'primary' isn't defined for the type 'AppColors'.
ERROR|COMPILE_TIME_ERROR|UNDEFINED_GETTER|D:\\StudioProjects\\telemed_app\\lib\\features\\demographics\\presentation\\demographics_screen.dart|281|49|7|The getter 'primary' isn't defined for the type 'AppColors'.
ERROR|COMPILE_TIME_ERROR|UNDEFINED_IDENTIFIER|D:\\StudioProjects\\telemed_app\\lib\\features\\feedback\\presentation\\feedback_screen.dart|42|34|17|Undefined name 'apiClientProvider'.
ERROR|COMPILE_TIME_ERROR|UNDEFINED_IDENTIFIER|D:\\StudioProjects\\telemed_app\\lib\\features\\feedback\\presentation\\feedback_screen.dart|73|34|17|Undefined name 'apiClientProvider'.
ERROR|COMPILE_TIME_ERROR|UNDEFINED_IDENTIFIER|D:\\StudioProjects\\telemed_app\\lib\\features\\offline_consultation\\presentation\\offline_consultation_screen.dart|80|60|17|Undefined name 'apiClientProvider'.
ERROR|COMPILE_TIME_ERROR|UNDEFINED_IDENTIFIER|D:\\StudioProjects\\telemed_app\\lib\\features\\services\\presentation\\services_screen.dart|54|34|17|Undefined name 'apiClientProvider'.
ERROR|COMPILE_TIME_ERROR|UNDEFINED_IDENTIFIER|D:\\StudioProjects\\telemed_app\\lib\\features\\services\\presentation\\services_screen.dart|71|34|17|Undefined name 'apiClientProvider'.
ERROR|COMPILE_TIME_ERROR|UNDEFINED_IDENTIFIER|D:\\StudioProjects\\telemed_app\\lib\\features\\services\\presentation\\services_screen.dart|95|34|17|Undefined name 'apiClientProvider'.
ERROR|COMPILE_TIME_ERROR|UNDEFINED_GETTER|D:\\StudioProjects\\telemed_app\\lib\\features\\services\\presentation\\services_screen.dart|176|41|7|The getter 'primary' isn't defined for the type 'AppColors'.
ERROR|COMPILE_TIME_ERROR|UNDEFINED_GETTER|D:\\StudioProjects\\telemed_app\\lib\\features\\services\\presentation\\services_screen.dart|194|41|7|The getter 'primary' isn't defined for the type 'AppColors'.
ERROR|COMPILE_TIME_ERROR|UNDEFINED_GETTER|D:\\StudioProjects\\telemed_app\\lib\\features\\services\\presentation\\services_screen.dart|208|37|7|The getter 'primary' isn't defined for the type 'AppColors'.
ERROR|COMPILE_TIME_ERROR|UNDEFINED_GETTER|D:\\StudioProjects\\telemed_app\\lib\\features\\services\\presentation\\services_screen.dart|250|38|7|The getter 'primary' isn't defined for the type 'AppColors'.
ERROR|COMPILE_TIME_ERROR|INVALID_CONSTANT|D:\\StudioProjects\\telemed_app\\lib\\features\\services\\presentation\\services_screen.dart|253|69|17|Invalid constant value.
ERROR|COMPILE_TIME_ERROR|UNDEFINED_GETTER|D:\\StudioProjects\\telemed_app\\lib\\features\\services\\presentation\\services_screen.dart|253|79|7|The getter 'primary' isn't defined for the type 'AppColors'.
ERROR|COMPILE_TIME_ERROR|INVALID_CONSTANT|D:\\StudioProjects\\telemed_app\\lib\\features\\services\\presentation\\services_screen.dart|299|34|17|Invalid constant value.
ERROR|COMPILE_TIME_ERROR|UNDEFINED_GETTER|D:\\StudioProjects\\telemed_app\\lib\\features\\services\\presentation\\services_screen.dart|299|44|7|The getter 'primary' isn't defined for the type 'AppColors'.
ERROR|COMPILE_TIME_ERROR|INVALID_CONSTANT|D:\\StudioProjects\\telemed_app\\lib\\features\\services\\presentation\\services_screen.dart|330|53|17|Invalid constant value.
ERROR|COMPILE_TIME_ERROR|UNDEFINED_GETTER|D:\\StudioProjects\\telemed_app\\lib\\features\\services\\presentation\\services_screen.dart|330|63|7|The getter 'primary' isn't defined for the type 'AppColors'.
ERROR|COMPILE_TIME_ERROR|INVALID_CONSTANT|D:\\StudioProjects\\telemed_app\\lib\\features\\services\\presentation\\services_screen.dart|376|69|17|Invalid constant value.
ERROR|COMPILE_TIME_ERROR|UNDEFINED_GETTER|D:\\StudioProjects\\telemed_app\\lib\\features\\services\\presentation\\services_screen.dart|376|79|7|The getter 'primary' isn't defined for the type 'AppColors'.
INFO|HINT|DEPRECATED_MEMBER_USE|D:\\StudioProjects\\telemed_app\\lib\\features\\demographics\\presentation\\demographics_screen.dart|308|7|5|'value' is deprecated and shouldn't be used. Use initialValue instead. This will set the initial value for the form field. This feature was deprecated after v3.33.0-1.0.pre.
INFO|HINT|DEPRECATED_MEMBER_USE|D:\\StudioProjects\\telemed_app\\lib\\features\\feedback\\presentation\\feedback_screen.dart|132|23|5|'value' is deprecated and shouldn't be used. Use initialValue instead. This will set the initial value for the form field. This feature was deprecated after v3.33.0-1.0.pre.
INFO|LINT|DEPEND_ON_REFERENCED_PACKAGES|D:\\StudioProjects\\telemed_app\\lib\\features\\offline_consultation\\data\\offline_consultation_db.dart|2|8|24|The imported package 'path' isn't a dependency of the importing package.
INFO|LINT|DEPEND_ON_REFERENCED_PACKAGES|D:\\StudioProjects\\telemed_app\\lib\\features\\offline_consultation\\presentation\\offline_consultation_screen.dart|5|8|24|The imported package 'uuid' isn't a dependency of the importing package.
INFO|LINT|USE_BUILD_CONTEXT_SYNCHRONOUSLY|D:\\StudioProjects\\telemed_app\\lib\\features\\services\\presentation\\services_screen.dart|358|19|16|Don't use 'BuildContext's across async gaps.
INFO|HINT|DEPRECATED_MEMBER_USE|D:\\StudioProjects\\telemed_app\\lib\\features\\services\\presentation\\services_screen.dart|388|13|5|'value' is deprecated and shouldn't be used. Use initialValue instead. This will set the initial value for the form field. This feature was deprecated after v3.33.0-1.0.pre.
